<html>
<body>
<pre>
<h1>µVision Build Log</h1>
<h2>Tool Versions:</h2>
IDE-Version: ¦ÌVision V5.20.0.0
Copyright (C) 2016 ARM Ltd and ARM Germany GmbH. All rights reserved.
License Information: a a, a, LIC=W962Z-J0N6N-AUX4J-UPH11-I5FIR-1XTXL
 
Tool Versions:
Toolchain:       MDK-ARM Professional  Version: 5.20
Toolchain Path:  D:\Keil_v5\ARM\ARMCC\Bin
C Compiler:      Armcc.exe V5.06 update 2 (build 183)
Assembler:       Armasm.exe V5.06 update 2 (build 183)
Linker/Locator:  ArmLink.exe V5.06 update 2 (build 183)
Library Manager: ArmAr.exe V5.06 update 2 (build 183)
Hex Converter:   FromElf.exe V5.06 update 2 (build 183)
CPU DLL:         SARMCM3.DLL V5.20
Dialog DLL:      DCM.DLL V1.13.7.0
Target DLL:      STLink\ST-LINKIII-KEIL_SWO.dll V2.0.18.0
Dialog DLL:      TCM.DLL V1.14.9.0
 
<h2>Project:</h2>
F:\CCT_Workspace\CCT_App\CCT_App\MDK-ARM\CCT_App.uvprojx
Project File Date:  06/08/2018

<h2>Output:</h2>
*** Using Compiler 'V5.06 update 2 (build 183)', folder: 'D:\Keil_v5\ARM\ARMCC\Bin'
Build target 'CCT_App'
compiling usart.c...
..\Inc\amc\tuya_ble.h(53): warning:  #1-D: last line of file ends without a newline
  #endif
../Src/usart.c(225): warning:  #167-D: argument of type "uint8_t *" is incompatible with parameter of type "char *restrict"
        len = vsprintf(buf,fmt,ap);                 //save data form fmt to buf buffer
../Src/usart.c(222): warning:  #550-D: variable "len" was set but never used
    int len;
../Src/usart.c: 3 warnings, 0 errors
compiling main.c...
..\Inc\amc\tuya_ble.h(53): warning:  #1-D: last line of file ends without a newline
  #endif
../Src/main.c: 1 warning, 0 errors
compiling tuya_ble.c...
..\Inc\amc\tuya_ble.h(53): warning:  #1-D: last line of file ends without a newline
  #endif
..\Src\amc\tuya_ble.c(72): warning:  #188-D: enumerated type mixed with another type
                        ble_receive_package.pac.type = rcv_buffer[
RAME_HEAD_SIZE+
RAME_EXT_SIZE];
..\Src\amc\tuya_ble.c(221): warning:  #1-D: last line of file ends without a newline
  }
..\Src\amc\tuya_ble.c(214): warning:  #177-D: variable "i" was declared but never referenced
        uint8_t i;
..\Src\amc\tuya_ble.c(26): warning:  #177-D: variable "send_buffer" was declared but never referenced
  static uint8_t send_buffer[SEND_BUF_SIZE];
..\Src\amc\tuya_ble.c(29): warning:  #177-D: function "ble_package_receive" was declared but never referenced
  static void ble_package_receive(uint8_t *rcv_buffer , uint8_t rcv_size);
..\Src\amc\tuya_ble.c(33): warning:  #177-D: function "ble_start_package_send" was declared but never referenced
  static void ble_start_package_send(void);
..\Src\amc\tuya_ble.c: 7 warnings, 0 errors
linking...
Program Size: Code=9186 RO-data=294 RW-data=12 ZI-data=1516  
"CCT_App\CCT_App.axf" - 0 Error(s), 11 Warning(s).

<h2>Software Packages used:</h2>

Package Vendor: ARM
                http://www.keil.com/pack/ARM.CMSIS.5.3.0.pack
                ARM::CMSIS:CORE:5.1.1
                CMSIS (Cortex Microcontroller Software Interface Standard)
   * Component: CORE Version: 5.1.1

<h2>Collection of Component include folders:</h2>
  F:\CCT_Workspace\CCT_App\CCT_App\MDK-ARM\RTE
  D:\Keil_v5\ARM\PACK\ARM\CMSIS\5.3.0\CMSIS\Include
  D:\Keil_v5\ARM\PACK\Keil\STM32F1xx_DFP\2.2.0\Device\Include

<h2>Collection of Component Files used:</h2>

   * Component: ARM::CMSIS:CORE:5.1.1
Build Time Elapsed:  00:00:13
</pre>
</body>
</html>
